app/agents/[id]/not-found.tsx(14,21): error TS2322: Type 'Element' is not assignable to type 'ElementType<any, keyof IntrinsicElements> | undefined'.
components/layout/PageTransition.tsx(40,17): error TS2322: Type '{ initial: { opacity: number; y: number; }; enter: { opacity: number; y: number; transition: { duration: number; ease: string; }; }; exit: { opacity: number; y: number; transition: { duration: number; ease: string; }; }; }' is not assignable to type 'Variants'.
  Property 'enter' is incompatible with index signature.
    Type '{ opacity: number; y: number; transition: { duration: number; ease: string; }; }' is not assignable to type 'Variant'.
      Type '{ opacity: number; y: number; transition: { duration: number; ease: string; }; }' is not assignable to type 'TargetAndTransition'.
        Type '{ opacity: number; y: number; transition: { duration: number; ease: string; }; }' is not assignable to type '{ transition?: Transition<any> | undefined; transitionEnd?: ResolvedValues | undefined; }'.
          Types of property 'transition' are incompatible.
            Type '{ duration: number; ease: string; }' is not assignable to type 'Transition<any> | undefined'.
              Type '{ duration: number; ease: string; }' is not assignable to type 'TransitionWithValueOverrides<any>'.
                Type '{ duration: number; ease: string; }' is not assignable to type 'ValueAnimationTransition<any>'.
                  Types of property 'ease' are incompatible.
                    Type 'string' is not assignable to type 'Easing | Easing[] | undefined'.
